// Jest Snapshot v1, https://goo.gl/fbAQLP

exports[`renders NavBar component 1`] = `"<header class=\\"header\\"><h1>Countries App</h1><div class=\\"theme-dark\\" role=\\"button\\" tabindex=\\"0\\"><i class=\\"fa-solid fa-sun\\"></i></div></header>"`;
