// Jest Snapshot v1, https://goo.gl/fbAQLP

exports[`renders ShowDetail component 1`] = `"<h2>Loading Data</h2>"`;
