// Jest Snapshot v1, https://goo.gl/fbAQLP

exports[`renders Show component 1`] = `"<div class=\\"show-item\\"><img class=\\"show-image\\" src=\\"abc.jpg\\" alt=\\"\\"><h3 class=\\"show-name\\">Show Name</h3><div class=\\"view-more\\"><button type=\\"button\\" aria-label=\\"View more info\\" class=\\"details-btn\\">View Details</button></div></div>"`;
